// Jest Snapshot v1, https://goo.gl/fbAQLP

exports[`MultiCheck initialize renders the label if label provided 1`] = `
<div
  class="MultiCheck"
>
  <div
    class="MultiCheck-label-wrap"
  >
    test label~
  </div>
  <div
    class="MultiCheck-content-wrap"
  >
    <div
      class="MultiCheck-content"
    >
      <div
        class="MultiCheck-column-wrap"
      >
        <div
          class="MultiCheck-option-wrap"
        >
          <div>
            <input
              type="checkbox"
              value="MULTICHECK_SELECTED_ALL"
            />
          </div>
          <div>
            Selected All
          </div>
        </div>
        <div
          class="MultiCheck-option-wrap"
        >
          <div>
            <input
              type="checkbox"
              value="111"
            />
          </div>
          <div>
            aaa
          </div>
        </div>
        <div
          class="MultiCheck-option-wrap"
        >
          <div>
            <input
              type="checkbox"
              value="222"
            />
          </div>
          <div>
            bbb
          </div>
        </div>
        <div
          class="MultiCheck-option-wrap"
        >
          <div>
            <input
              type="checkbox"
              value="333"
            />
          </div>
          <div>
            ccc
          </div>
        </div>
        <div
          class="MultiCheck-option-wrap"
        >
          <div>
            <input
              type="checkbox"
              value="444"
            />
          </div>
          <div>
            ddd
          </div>
        </div>
        <div
          class="MultiCheck-option-wrap"
        >
          <div>
            <input
              type="checkbox"
              value="555"
            />
          </div>
          <div>
            eee
          </div>
        </div>
        <div
          class="MultiCheck-option-wrap"
        >
          <div>
            <input
              type="checkbox"
              value="666"
            />
          </div>
          <div>
            fff
          </div>
        </div>
        <div
          class="MultiCheck-option-wrap"
        >
          <div>
            <input
              type="checkbox"
              value="777"
            />
          </div>
          <div>
            ggg
          </div>
        </div>
        <div
          class="MultiCheck-option-wrap"
        >
          <div>
            <input
              type="checkbox"
              value="888"
            />
          </div>
          <div>
            hhh
          </div>
        </div>
        <div
          class="MultiCheck-option-wrap"
        >
          <div>
            <input
              type="checkbox"
              value="999"
            />
          </div>
          <div>
            iii
          </div>
        </div>
      </div>
    </div>
  </div>
</div>
`;
